// Jest Snapshot v1, https://goo.gl/fbAQLP

exports[`AppComponent should match the snapshot 1`] = `
<app-root>
  <section
    class="quicksand"
  >
    <app-nav-bar>
      <header
        class="navbar sticky top-0 py-5 z-50 flex justify-center bg-fedex-blue"
      >
        <img
          alt="fedex"
          height="150"
          src="assets/fedex-logo.png"
          width="150"
        />
      </header>
    </app-nav-bar>
    <router-outlet />
  </section>
</app-root>
`;
